[2025-04-11T12:34:03.384Z] [ERROR] Registration error {
  "message": "User already exists",
  "stack": "Error: User already exists\n    at file:///Users/narendrrr/Downloads/Job-Tracker/backend/controllers/authController.js:34:13\n    at process.processTicksAndRejections (node:internal/process/task_queues:105:5)",
  "statusCode": 400
}
[2025-04-11T12:34:03.383Z] [WARN] Registration attempted with existing email {
  "email": "test@example.com"
}
[2025-04-11T12:34:03.385Z] [ERROR] POST /api/auth/register 400 - 55ms {
  "method": "POST",
  "url": "/api/auth/register",
  "status": 400,
  "duration": 55,
  "ip": "::1",
  "userAgent": "PostmanRuntime/7.43.3"
}
[2025-04-11T12:35:41.216Z] [ERROR] No token provided {
  "url": "/api/jobs",
  "method": "POST"
}
[2025-04-11T12:35:41.217Z] [ERROR] 401 error: Not authorized, no token {
  "stack": "Error: Not authorized, no token\n    at file:///Users/narendrrr/Downloads/Job-Tracker/backend/middleware/authMiddleware.js:48:11\n    at asyncUtilWrap (/Users/narendrrr/Downloads/Job-Tracker/backend/node_modules/express-async-handler/index.js:3:20)\n    at Layer.handleRequest (/Users/narendrrr/Downloads/Job-Tracker/backend/node_modules/router/lib/layer.js:152:17)\n    at next (/Users/narendrrr/Downloads/Job-Tracker/backend/node_modules/router/lib/route.js:157:13)\n    at Route.dispatch (/Users/narendrrr/Downloads/Job-Tracker/backend/node_modules/router/lib/route.js:117:3)\n    at handle (/Users/narendrrr/Downloads/Job-Tracker/backend/node_modules/router/index.js:435:11)\n    at Layer.handleRequest (/Users/narendrrr/Downloads/Job-Tracker/backend/node_modules/router/lib/layer.js:152:17)\n    at /Users/narendrrr/Downloads/Job-Tracker/backend/node_modules/router/index.js:295:15\n    at processParams (/Users/narendrrr/Downloads/Job-Tracker/backend/node_modules/router/index.js:582:12)\n    at next (/Users/narendrrr/Downloads/Job-Tracker/backend/node_modules/router/index.js:291:5)",
  "url": "/api/jobs",
  "method": "POST",
  "body": {
    "position": "Frontend Developer",
    "company": "Infosys",
    "jobLocation": "Mysore",
    "status": "Pending",
    "jobType": "full-time"
  },
  "params": {},
  "query": {}
}
[2025-04-11T12:35:41.218Z] [ERROR] POST /api/jobs 401 - 5ms {
  "method": "POST",
  "url": "/api/jobs",
  "status": 401,
  "duration": 5,
  "ip": "::1",
  "userAgent": "PostmanRuntime/7.43.3"
}
[2025-04-11T12:35:55.310Z] [ERROR] 500 error: Job validation failed: status: `Pending` is not a valid enum value for path `status`. {
  "stack": "ValidationError: Job validation failed: status: `Pending` is not a valid enum value for path `status`.\n    at Document.invalidate (/Users/narendrrr/Downloads/Job-Tracker/backend/node_modules/mongoose/lib/document.js:3351:32)\n    at /Users/narendrrr/Downloads/Job-Tracker/backend/node_modules/mongoose/lib/document.js:3112:17\n    at /Users/narendrrr/Downloads/Job-Tracker/backend/node_modules/mongoose/lib/schemaType.js:1407:9\n    at process.processTicksAndRejections (node:internal/process/task_queues:85:11)",
  "url": "/api/jobs",
  "method": "POST",
  "body": {
    "position": "Frontend Developer",
    "company": "Infosys",
    "jobLocation": "Mysore",
    "status": "Pending",
    "jobType": "full-time"
  },
  "params": {},
  "query": {},
  "user": "67f90c580b84493ea94a1843"
}
[2025-04-11T12:35:55.311Z] [ERROR] POST /api/jobs 500 - 63ms {
  "method": "POST",
  "url": "/api/jobs",
  "status": 500,
  "duration": 63,
  "ip": "::1",
  "userAgent": "PostmanRuntime/7.43.3",
  "userId": "67f90c580b84493ea94a1843"
}
[2025-04-11T12:36:42.492Z] [ERROR] 500 error: Job validation failed: status: `Pending` is not a valid enum value for path `status`. {
  "stack": "ValidationError: Job validation failed: status: `Pending` is not a valid enum value for path `status`.\n    at Document.invalidate (/Users/narendrrr/Downloads/Job-Tracker/backend/node_modules/mongoose/lib/document.js:3351:32)\n    at /Users/narendrrr/Downloads/Job-Tracker/backend/node_modules/mongoose/lib/document.js:3112:17\n    at /Users/narendrrr/Downloads/Job-Tracker/backend/node_modules/mongoose/lib/schemaType.js:1407:9\n    at process.processTicksAndRejections (node:internal/process/task_queues:85:11)",
  "url": "/api/jobs",
  "method": "POST",
  "body": {
    "position": "Frontend Developer",
    "company": "Infosys",
    "jobLocation": "Mysore",
    "status": "Pending",
    "jobType": "full-time"
  },
  "params": {},
  "query": {},
  "user": "67f90c580b84493ea94a1843"
}
[2025-04-11T12:36:42.492Z] [ERROR] POST /api/jobs 500 - 55ms {
  "method": "POST",
  "url": "/api/jobs",
  "status": 500,
  "duration": 55,
  "ip": "::1",
  "userAgent": "PostmanRuntime/7.43.3",
  "userId": "67f90c580b84493ea94a1843"
}
[2025-04-11T12:46:07.472Z] [WARN] Route not found: GET /health {
  "method": "GET",
  "url": "/health",
  "ip": "::1",
  "headers": {
    "host": "localhost:3000",
    "connection": "keep-alive",
    "sec-ch-ua": "\"Chromium\";v=\"135\", \"Not-A.Brand\";v=\"8\"",
    "sec-ch-ua-mobile": "?0",
    "sec-ch-ua-platform": "\"macOS\"",
    "dnt": "1",
    "upgrade-insecure-requests": "1",
    "user-agent": "Mozilla/5.0 (Macintosh; Intel Mac OS X 10_15_7) AppleWebKit/537.36 (KHTML, like Gecko) Chrome/135.0.0.0 Safari/537.36",
    "accept": "text/html,application/xhtml+xml,application/xml;q=0.9,image/avif,image/webp,image/apng,*/*;q=0.8,application/signed-exchange;v=b3;q=0.7",
    "sec-fetch-site": "none",
    "sec-fetch-mode": "navigate",
    "sec-fetch-user": "?1",
    "sec-fetch-dest": "document",
    "accept-encoding": "gzip, deflate, br, zstd",
    "accept-language": "en-GB,en-US;q=0.9,en;q=0.8",
    "cookie": ".Aspire.Dashboard.Antiforgery=CfDJ8LmqTVXTb_RJn5FkeQLKw1CyALfzxPokIYDzXxKO7pqvlBStKVLq7H8ZTmuPI23QbG-j4nR1W91HjxyX06kED7zx1An8amTyUqk7pz0ES0Cx8VnQaeG21wTmgqCXjOPdEAVKKPWDEGTUt_cU2rLxjAI; ajs_anonymous_id=%2248c65950-6303-4fb3-890b-ee68d404dd0f%22; auth_token=eyJhbGciOiJIUzI1NiIsInR5cCI6IkpXVCJ9.eyJ1c2VySWQiOiI3ODEwYzc5MTMwOWI1MjNiNTljNjNmY2QxNDRmM2JiNCIsImVtYWlsIjoibm1hdXJ5YS5lbmdpbmVlckBnbWFpbC5jb20iLCJpYXQiOjE3NDQyOTA4MzcsImV4cCI6MTc0NDM3NzIzN30.TwGVFnbCAkIgITmQnB7AENDz0xuLu8w-O4_7lCoWeTc"
  }
}
[2025-04-11T12:46:07.472Z] [ERROR] 404 error: Not Found - /health {
  "stack": "Error: Not Found - /health\n    at notFound (file:///Users/narendrrr/Downloads/Job-Tracker/backend/middleware/errorMiddleware.js:4:19)\n    at Layer.handleRequest (/Users/narendrrr/Downloads/Job-Tracker/backend/node_modules/router/lib/layer.js:152:17)\n    at trimPrefix (/Users/narendrrr/Downloads/Job-Tracker/backend/node_modules/router/index.js:342:13)\n    at /Users/narendrrr/Downloads/Job-Tracker/backend/node_modules/router/index.js:297:9\n    at processParams (/Users/narendrrr/Downloads/Job-Tracker/backend/node_modules/router/index.js:582:12)\n    at next (/Users/narendrrr/Downloads/Job-Tracker/backend/node_modules/router/index.js:291:5)\n    at file:///Users/narendrrr/Downloads/Job-Tracker/backend/server.js:65:3\n    at Layer.handleRequest (/Users/narendrrr/Downloads/Job-Tracker/backend/node_modules/router/lib/layer.js:152:17)\n    at trimPrefix (/Users/narendrrr/Downloads/Job-Tracker/backend/node_modules/router/index.js:342:13)\n    at /Users/narendrrr/Downloads/Job-Tracker/backend/node_modules/router/index.js:297:9",
  "url": "/health",
  "method": "GET",
  "params": {},
  "query": {}
}
[2025-04-11T12:46:07.473Z] [ERROR] GET /health 404 - 2ms {
  "method": "GET",
  "url": "/health",
  "status": 404,
  "duration": 2,
  "ip": "::1",
  "userAgent": "Mozilla/5.0 (Macintosh; Intel Mac OS X 10_15_7) AppleWebKit/537.36 (KHTML, like Gecko) Chrome/135.0.0.0 Safari/537.36"
}
[2025-04-11T12:46:08.118Z] [WARN] Route not found: GET /favicon.ico {
  "method": "GET",
  "url": "/favicon.ico",
  "ip": "::1",
  "headers": {
    "host": "localhost:3000",
    "connection": "keep-alive",
    "sec-ch-ua-platform": "\"macOS\"",
    "user-agent": "Mozilla/5.0 (Macintosh; Intel Mac OS X 10_15_7) AppleWebKit/537.36 (KHTML, like Gecko) Chrome/135.0.0.0 Safari/537.36",
    "sec-ch-ua": "\"Chromium\";v=\"135\", \"Not-A.Brand\";v=\"8\"",
    "dnt": "1",
    "sec-ch-ua-mobile": "?0",
    "accept": "image/avif,image/webp,image/apng,image/svg+xml,image/*,*/*;q=0.8",
    "sec-fetch-site": "same-origin",
    "sec-fetch-mode": "no-cors",
    "sec-fetch-dest": "image",
    "referer": "http://localhost:3000/health",
    "accept-encoding": "gzip, deflate, br, zstd",
    "accept-language": "en-GB,en-US;q=0.9,en;q=0.8",
    "cookie": ".Aspire.Dashboard.Antiforgery=CfDJ8LmqTVXTb_RJn5FkeQLKw1CyALfzxPokIYDzXxKO7pqvlBStKVLq7H8ZTmuPI23QbG-j4nR1W91HjxyX06kED7zx1An8amTyUqk7pz0ES0Cx8VnQaeG21wTmgqCXjOPdEAVKKPWDEGTUt_cU2rLxjAI; ajs_anonymous_id=%2248c65950-6303-4fb3-890b-ee68d404dd0f%22; auth_token=eyJhbGciOiJIUzI1NiIsInR5cCI6IkpXVCJ9.eyJ1c2VySWQiOiI3ODEwYzc5MTMwOWI1MjNiNTljNjNmY2QxNDRmM2JiNCIsImVtYWlsIjoibm1hdXJ5YS5lbmdpbmVlckBnbWFpbC5jb20iLCJpYXQiOjE3NDQyOTA4MzcsImV4cCI6MTc0NDM3NzIzN30.TwGVFnbCAkIgITmQnB7AENDz0xuLu8w-O4_7lCoWeTc"
  }
}
[2025-04-11T12:46:08.118Z] [ERROR] 404 error: Not Found - /favicon.ico {
  "stack": "Error: Not Found - /favicon.ico\n    at notFound (file:///Users/narendrrr/Downloads/Job-Tracker/backend/middleware/errorMiddleware.js:4:19)\n    at Layer.handleRequest (/Users/narendrrr/Downloads/Job-Tracker/backend/node_modules/router/lib/layer.js:152:17)\n    at trimPrefix (/Users/narendrrr/Downloads/Job-Tracker/backend/node_modules/router/index.js:342:13)\n    at /Users/narendrrr/Downloads/Job-Tracker/backend/node_modules/router/index.js:297:9\n    at processParams (/Users/narendrrr/Downloads/Job-Tracker/backend/node_modules/router/index.js:582:12)\n    at next (/Users/narendrrr/Downloads/Job-Tracker/backend/node_modules/router/index.js:291:5)\n    at file:///Users/narendrrr/Downloads/Job-Tracker/backend/server.js:65:3\n    at Layer.handleRequest (/Users/narendrrr/Downloads/Job-Tracker/backend/node_modules/router/lib/layer.js:152:17)\n    at trimPrefix (/Users/narendrrr/Downloads/Job-Tracker/backend/node_modules/router/index.js:342:13)\n    at /Users/narendrrr/Downloads/Job-Tracker/backend/node_modules/router/index.js:297:9",
  "url": "/favicon.ico",
  "method": "GET",
  "params": {},
  "query": {}
}
[2025-04-11T12:46:08.119Z] [ERROR] GET /favicon.ico 404 - 2ms {
  "method": "GET",
  "url": "/favicon.ico",
  "status": 404,
  "duration": 2,
  "ip": "::1",
  "userAgent": "Mozilla/5.0 (Macintosh; Intel Mac OS X 10_15_7) AppleWebKit/537.36 (KHTML, like Gecko) Chrome/135.0.0.0 Safari/537.36"
}
[2025-04-11T12:47:58.838Z] [WARN] Route not found: GET /health {
  "method": "GET",
  "url": "/health",
  "ip": "::1",
  "headers": {
    "host": "localhost:3000",
    "connection": "keep-alive",
    "sec-ch-ua": "\"Chromium\";v=\"135\", \"Not-A.Brand\";v=\"8\"",
    "sec-ch-ua-mobile": "?0",
    "sec-ch-ua-platform": "\"macOS\"",
    "dnt": "1",
    "upgrade-insecure-requests": "1",
    "user-agent": "Mozilla/5.0 (Macintosh; Intel Mac OS X 10_15_7) AppleWebKit/537.36 (KHTML, like Gecko) Chrome/135.0.0.0 Safari/537.36",
    "accept": "text/html,application/xhtml+xml,application/xml;q=0.9,image/avif,image/webp,image/apng,*/*;q=0.8,application/signed-exchange;v=b3;q=0.7",
    "sec-fetch-site": "none",
    "sec-fetch-mode": "navigate",
    "sec-fetch-user": "?1",
    "sec-fetch-dest": "document",
    "accept-encoding": "gzip, deflate, br, zstd",
    "accept-language": "en-GB,en-US;q=0.9,en;q=0.8",
    "cookie": ".Aspire.Dashboard.Antiforgery=CfDJ8LmqTVXTb_RJn5FkeQLKw1CyALfzxPokIYDzXxKO7pqvlBStKVLq7H8ZTmuPI23QbG-j4nR1W91HjxyX06kED7zx1An8amTyUqk7pz0ES0Cx8VnQaeG21wTmgqCXjOPdEAVKKPWDEGTUt_cU2rLxjAI; ajs_anonymous_id=%2248c65950-6303-4fb3-890b-ee68d404dd0f%22; auth_token=eyJhbGciOiJIUzI1NiIsInR5cCI6IkpXVCJ9.eyJ1c2VySWQiOiI3ODEwYzc5MTMwOWI1MjNiNTljNjNmY2QxNDRmM2JiNCIsImVtYWlsIjoibm1hdXJ5YS5lbmdpbmVlckBnbWFpbC5jb20iLCJpYXQiOjE3NDQyOTA4MzcsImV4cCI6MTc0NDM3NzIzN30.TwGVFnbCAkIgITmQnB7AENDz0xuLu8w-O4_7lCoWeTc"
  }
}
[2025-04-11T12:47:58.839Z] [ERROR] 404 error: Not Found - /health {
  "stack": "Error: Not Found - /health\n    at notFound (file:///Users/narendrrr/Downloads/Job-Tracker/backend/middleware/errorMiddleware.js:4:19)\n    at Layer.handleRequest (/Users/narendrrr/Downloads/Job-Tracker/backend/node_modules/router/lib/layer.js:152:17)\n    at trimPrefix (/Users/narendrrr/Downloads/Job-Tracker/backend/node_modules/router/index.js:342:13)\n    at /Users/narendrrr/Downloads/Job-Tracker/backend/node_modules/router/index.js:297:9\n    at processParams (/Users/narendrrr/Downloads/Job-Tracker/backend/node_modules/router/index.js:582:12)\n    at next (/Users/narendrrr/Downloads/Job-Tracker/backend/node_modules/router/index.js:291:5)\n    at file:///Users/narendrrr/Downloads/Job-Tracker/backend/server.js:65:3\n    at Layer.handleRequest (/Users/narendrrr/Downloads/Job-Tracker/backend/node_modules/router/lib/layer.js:152:17)\n    at trimPrefix (/Users/narendrrr/Downloads/Job-Tracker/backend/node_modules/router/index.js:342:13)\n    at /Users/narendrrr/Downloads/Job-Tracker/backend/node_modules/router/index.js:297:9",
  "url": "/health",
  "method": "GET",
  "params": {},
  "query": {}
}
[2025-04-11T12:47:58.840Z] [ERROR] GET /health 404 - 3ms {
  "method": "GET",
  "url": "/health",
  "status": 404,
  "duration": 3,
  "ip": "::1",
  "userAgent": "Mozilla/5.0 (Macintosh; Intel Mac OS X 10_15_7) AppleWebKit/537.36 (KHTML, like Gecko) Chrome/135.0.0.0 Safari/537.36"
}
[2025-04-11T14:00:40.516Z] [WARN] Registration attempted with existing email {
  "email": "nmaurya.engineer@gmail.com"
}
[2025-04-11T14:00:40.516Z] [ERROR] Registration error {
  "message": "User already exists",
  "stack": "Error: User already exists\n    at file:///Users/narendrrr/Downloads/Job-Tracker/backend/controllers/authController.js:34:13\n    at process.processTicksAndRejections (node:internal/process/task_queues:105:5)",
  "statusCode": 400
}
[2025-04-11T14:00:40.517Z] [ERROR] POST /api/auth/register 400 - 42ms {
  "method": "POST",
  "url": "/api/auth/register",
  "status": 400,
  "duration": 42,
  "ip": "::1",
  "userAgent": "Mozilla/5.0 (Macintosh; Intel Mac OS X 10_15_7) AppleWebKit/537.36 (KHTML, like Gecko) Chrome/135.0.0.0 Safari/537.36"
}
[2025-04-11T15:34:55.300Z] [WARN] Route not found: GET /favicon.ico {
  "method": "GET",
  "url": "/favicon.ico",
  "ip": "::1",
  "headers": {
    "host": "localhost:3000",
    "connection": "keep-alive",
    "sec-ch-ua-platform": "\"macOS\"",
    "user-agent": "Mozilla/5.0 (Macintosh; Intel Mac OS X 10_15_7) AppleWebKit/537.36 (KHTML, like Gecko) Chrome/134.0.0.0 Safari/537.36",
    "sec-ch-ua": "\"Chromium\";v=\"134\", \"Not:A-Brand\";v=\"24\", \"Google Chrome\";v=\"134\"",
    "sec-ch-ua-mobile": "?0",
    "accept": "image/avif,image/webp,image/apng,image/svg+xml,image/*,*/*;q=0.8",
    "sec-fetch-site": "same-origin",
    "sec-fetch-mode": "no-cors",
    "sec-fetch-dest": "image",
    "referer": "http://localhost:3000/health",
    "accept-encoding": "gzip, deflate, br, zstd",
    "accept-language": "en-GB,en-US;q=0.9,en;q=0.8"
  }
}
[2025-04-11T15:34:55.301Z] [ERROR] 404 error: Not Found - /favicon.ico {
  "stack": "Error: Not Found - /favicon.ico\n    at notFound (file:///Users/siddharthbailwal/Downloads/Job-Tracker/backend/middleware/errorMiddleware.js:4:19)\n    at Layer.handleRequest (/Users/siddharthbailwal/Downloads/Job-Tracker/backend/node_modules/router/lib/layer.js:152:17)\n    at trimPrefix (/Users/siddharthbailwal/Downloads/Job-Tracker/backend/node_modules/router/index.js:342:13)\n    at /Users/siddharthbailwal/Downloads/Job-Tracker/backend/node_modules/router/index.js:297:9\n    at processParams (/Users/siddharthbailwal/Downloads/Job-Tracker/backend/node_modules/router/index.js:582:12)\n    at next (/Users/siddharthbailwal/Downloads/Job-Tracker/backend/node_modules/router/index.js:291:5)\n    at file:///Users/siddharthbailwal/Downloads/Job-Tracker/backend/server.js:65:3\n    at Layer.handleRequest (/Users/siddharthbailwal/Downloads/Job-Tracker/backend/node_modules/router/lib/layer.js:152:17)\n    at trimPrefix (/Users/siddharthbailwal/Downloads/Job-Tracker/backend/node_modules/router/index.js:342:13)\n    at /Users/siddharthbailwal/Downloads/Job-Tracker/backend/node_modules/router/index.js:297:9",
  "url": "/favicon.ico",
  "method": "GET",
  "params": {},
  "query": {}
}
[2025-04-11T15:34:55.302Z] [ERROR] GET /favicon.ico 404 - 3ms {
  "method": "GET",
  "url": "/favicon.ico",
  "status": 404,
  "duration": 3,
  "ip": "::1",
  "userAgent": "Mozilla/5.0 (Macintosh; Intel Mac OS X 10_15_7) AppleWebKit/537.36 (KHTML, like Gecko) Chrome/134.0.0.0 Safari/537.36"
}
[2025-04-11T16:03:19.899Z] [ERROR] 500 error: Job validation failed: status: `Interview` is not a valid enum value for path `status`. {
  "stack": "ValidationError: Job validation failed: status: `Interview` is not a valid enum value for path `status`.\n    at Document.invalidate (/Users/siddharthbailwal/Downloads/Job-Tracker/backend/node_modules/mongoose/lib/document.js:3351:32)\n    at /Users/siddharthbailwal/Downloads/Job-Tracker/backend/node_modules/mongoose/lib/document.js:3112:17\n    at /Users/siddharthbailwal/Downloads/Job-Tracker/backend/node_modules/mongoose/lib/schemaType.js:1407:9\n    at process.processTicksAndRejections (node:internal/process/task_queues:77:11)",
  "url": "/api/jobs/67f93b63abeade937b11bba2",
  "method": "PUT",
  "body": {
    "status": "Interview"
  },
  "params": {},
  "query": {},
  "user": "67f922e34e81393cc5253968"
}
[2025-04-11T16:03:19.900Z] [ERROR] PUT /api/jobs/67f93b63abeade937b11bba2 500 - 88ms {
  "method": "PUT",
  "url": "/api/jobs/67f93b63abeade937b11bba2",
  "status": 500,
  "duration": 88,
  "ip": "::1",
  "userAgent": "Mozilla/5.0 (Macintosh; Intel Mac OS X 10_15_7) AppleWebKit/537.36 (KHTML, like Gecko) Chrome/134.0.0.0 Safari/537.36",
  "userId": "67f922e34e81393cc5253968"
}
[2025-04-11T19:05:49.623Z] [ERROR] 401 error: Not authorized, token failed {
  "stack": "Error: Not authorized, token failed\n    at file:///Users/siddharthbailwal/Downloads/Job-Tracker/backend/middleware/authMiddleware.js:41:13\n    at asyncUtilWrap (/Users/siddharthbailwal/Downloads/Job-Tracker/backend/node_modules/express-async-handler/index.js:3:20)\n    at Layer.handleRequest (/Users/siddharthbailwal/Downloads/Job-Tracker/backend/node_modules/router/lib/layer.js:152:17)\n    at next (/Users/siddharthbailwal/Downloads/Job-Tracker/backend/node_modules/router/lib/route.js:157:13)\n    at Route.dispatch (/Users/siddharthbailwal/Downloads/Job-Tracker/backend/node_modules/router/lib/route.js:117:3)\n    at handle (/Users/siddharthbailwal/Downloads/Job-Tracker/backend/node_modules/router/index.js:435:11)\n    at Layer.handleRequest (/Users/siddharthbailwal/Downloads/Job-Tracker/backend/node_modules/router/lib/layer.js:152:17)\n    at /Users/siddharthbailwal/Downloads/Job-Tracker/backend/node_modules/router/index.js:295:15\n    at processParams (/Users/siddharthbailwal/Downloads/Job-Tracker/backend/node_modules/router/index.js:582:12)\n    at next (/Users/siddharthbailwal/Downloads/Job-Tracker/backend/node_modules/router/index.js:291:5)",
  "url": "/api/jobs",
  "method": "GET",
  "params": {},
  "query": {}
}
[2025-04-11T19:05:49.619Z] [ERROR] Token verification failed {
  "error": "jwt malformed",
  "stack": "JsonWebTokenError: jwt malformed\n    at module.exports [as verify] (/Users/siddharthbailwal/Downloads/Job-Tracker/backend/node_modules/jsonwebtoken/verify.js:70:17)\n    at file:///Users/siddharthbailwal/Downloads/Job-Tracker/backend/middleware/authMiddleware.js:20:27\n    at asyncUtilWrap (/Users/siddharthbailwal/Downloads/Job-Tracker/backend/node_modules/express-async-handler/index.js:3:20)\n    at Layer.handleRequest (/Users/siddharthbailwal/Downloads/Job-Tracker/backend/node_modules/router/lib/layer.js:152:17)\n    at next (/Users/siddharthbailwal/Downloads/Job-Tracker/backend/node_modules/router/lib/route.js:157:13)\n    at Route.dispatch (/Users/siddharthbailwal/Downloads/Job-Tracker/backend/node_modules/router/lib/route.js:117:3)\n    at handle (/Users/siddharthbailwal/Downloads/Job-Tracker/backend/node_modules/router/index.js:435:11)\n    at Layer.handleRequest (/Users/siddharthbailwal/Downloads/Job-Tracker/backend/node_modules/router/lib/layer.js:152:17)\n    at /Users/siddharthbailwal/Downloads/Job-Tracker/backend/node_modules/router/index.js:295:15\n    at processParams (/Users/siddharthbailwal/Downloads/Job-Tracker/backend/node_modules/router/index.js:582:12)",
  "token": "Token present"
}
[2025-04-11T19:05:49.625Z] [ERROR] GET /api/jobs 401 - 11ms {
  "method": "GET",
  "url": "/api/jobs",
  "status": 401,
  "duration": 11,
  "ip": "::1",
  "userAgent": "Mozilla/5.0 (Macintosh; Intel Mac OS X 10_15_7) AppleWebKit/537.36 (KHTML, like Gecko) Chrome/134.0.0.0 Safari/537.36"
}
[2025-04-11T19:05:49.633Z] [ERROR] Token verification failed {
  "error": "jwt malformed",
  "stack": "JsonWebTokenError: jwt malformed\n    at module.exports [as verify] (/Users/siddharthbailwal/Downloads/Job-Tracker/backend/node_modules/jsonwebtoken/verify.js:70:17)\n    at file:///Users/siddharthbailwal/Downloads/Job-Tracker/backend/middleware/authMiddleware.js:20:27\n    at asyncUtilWrap (/Users/siddharthbailwal/Downloads/Job-Tracker/backend/node_modules/express-async-handler/index.js:3:20)\n    at Layer.handleRequest (/Users/siddharthbailwal/Downloads/Job-Tracker/backend/node_modules/router/lib/layer.js:152:17)\n    at next (/Users/siddharthbailwal/Downloads/Job-Tracker/backend/node_modules/router/lib/route.js:157:13)\n    at Route.dispatch (/Users/siddharthbailwal/Downloads/Job-Tracker/backend/node_modules/router/lib/route.js:117:3)\n    at handle (/Users/siddharthbailwal/Downloads/Job-Tracker/backend/node_modules/router/index.js:435:11)\n    at Layer.handleRequest (/Users/siddharthbailwal/Downloads/Job-Tracker/backend/node_modules/router/lib/layer.js:152:17)\n    at /Users/siddharthbailwal/Downloads/Job-Tracker/backend/node_modules/router/index.js:295:15\n    at processParams (/Users/siddharthbailwal/Downloads/Job-Tracker/backend/node_modules/router/index.js:582:12)",
  "token": "Token present"
}
[2025-04-11T19:05:49.633Z] [ERROR] 401 error: Not authorized, token failed {
  "stack": "Error: Not authorized, token failed\n    at file:///Users/siddharthbailwal/Downloads/Job-Tracker/backend/middleware/authMiddleware.js:41:13\n    at asyncUtilWrap (/Users/siddharthbailwal/Downloads/Job-Tracker/backend/node_modules/express-async-handler/index.js:3:20)\n    at Layer.handleRequest (/Users/siddharthbailwal/Downloads/Job-Tracker/backend/node_modules/router/lib/layer.js:152:17)\n    at next (/Users/siddharthbailwal/Downloads/Job-Tracker/backend/node_modules/router/lib/route.js:157:13)\n    at Route.dispatch (/Users/siddharthbailwal/Downloads/Job-Tracker/backend/node_modules/router/lib/route.js:117:3)\n    at handle (/Users/siddharthbailwal/Downloads/Job-Tracker/backend/node_modules/router/index.js:435:11)\n    at Layer.handleRequest (/Users/siddharthbailwal/Downloads/Job-Tracker/backend/node_modules/router/lib/layer.js:152:17)\n    at /Users/siddharthbailwal/Downloads/Job-Tracker/backend/node_modules/router/index.js:295:15\n    at processParams (/Users/siddharthbailwal/Downloads/Job-Tracker/backend/node_modules/router/index.js:582:12)\n    at next (/Users/siddharthbailwal/Downloads/Job-Tracker/backend/node_modules/router/index.js:291:5)",
  "url": "/api/jobs",
  "method": "GET",
  "params": {},
  "query": {}
}
[2025-04-11T19:05:49.634Z] [ERROR] GET /api/jobs 401 - 1ms {
  "method": "GET",
  "url": "/api/jobs",
  "status": 401,
  "duration": 1,
  "ip": "::1",
  "userAgent": "Mozilla/5.0 (Macintosh; Intel Mac OS X 10_15_7) AppleWebKit/537.36 (KHTML, like Gecko) Chrome/134.0.0.0 Safari/537.36"
}
